14
8
5
7
9
6
6
10
8
7
10
11
10
7
6
8
10
9
6
7
8
7
7
8
7
8
8
9
6
7
11
6
6
7
9
8
7
6
4
9
4
8
8
10
8
4
7
10
14
4
10
8
10
7
7
6
9
5
10
10
10
12
7
9
4
8
10
7
6
9
5
6
2
5
8
9
7
12
7
9
11
11
2
12
5
7
10
11
8
5
5
5
7
8
13
11
9
5
4
12
